// Jest Snapshot v1, https://goo.gl/fbAQLP

exports[`vdom-annotations should add annotations when cmpa-test and cmpb-test is given as static component 1`] = `"<section> <cmpa-test><!---->o.0.1<div> <!--t.0.1-->slotContent</div></cmpa-test> <cmpb-test><!---->o.0.2<div> <!--t.0.2-->slotContent</div></cmpb-test> </section>"`;

exports[`vdom-annotations should add annotations when cmpa-test is given as static component 1`] = `"<section> <cmpa-test><!---->o.0.1<div> <!--t.0.1-->slotContent</div></cmpa-test> <cmpb-test s-id=\\"1\\"><!--r.1-->o.0.2<div c-id=\\"1.0.0.0\\"><!--t.1.1.1.0--> <!--t.0.2-->slotContent</div></cmpb-test> </section>"`;

exports[`vdom-annotations should add annotations when no static component is given 1`] = `"<section> <cmpa-test s-id=\\"1\\"><!--r.1-->o.0.1<div c-id=\\"1.0.0.0\\"><!--t.1.1.1.0--> <!--t.0.1-->slotContent</div></cmpa-test> <cmpb-test s-id=\\"2\\"><!--r.2-->o.0.2<div c-id=\\"2.0.0.0\\"><!--t.2.1.1.0--> <!--t.0.2-->slotContent</div></cmpb-test> </section>"`;
